// Jest Snapshot v1, https://goo.gl/fbAQLP

exports[`landing page should show page is loading 1`] = `
<Connect(Home)
  allArticle={[Function]}
  allArticles={
    Array [
      Object {
        "description": "description",
        "readTime": "1",
        "title": "title",
      },
    ]
  }
  featureArticle={[Function]}
  featuredArticle={
    Object {
      "article": Object {},
      "isLoading": false,
    }
  }
  relateArticle={[Function]}
  relatedArticle={
    Object {
      "articles": Array [
        Object {
          "description": "description",
          "readTime": "1",
          "title": "title",
        },
      ],
      "isLoading": false,
    }
  }
/>
`;

exports[`landing page snap shot 1`] = `<Loading />`;
