// Jest Snapshot v1, https://goo.gl/fbAQLP

exports[`landing page should show page is loading 1`] = `<Loading />`;

exports[`landing page should show page is loading 2`] = `
<div>
  <section
    className="feat-section"
  >
    <CategoryList />
    <FeaturedArticle
      article={Object {}}
    />
  </section>
  <section
    className="section"
  >
    <div
      className="container is-mt3 "
    >
      <div
        className="columns is-multiline "
      />
      <nav
        aria-label="pagination"
        className="pagination is-rounded"
        role="navigation"
      >
        <Pagination
          isVisible={1}
          onClick={[Function]}
        />
      </nav>
    </div>
  </section>
  <Banner />
  <section
    className="section related-article-head"
  >
    <h1
      className="related-article-title has-text-weight-bold"
    >
      Top Articles
    </h1>
    <div
      className="container "
    >
      <div
        className="columns footer-article"
      />
    </div>
  </section>
</div>
`;
